<?xml version="1.0" encoding="UTF-8"?>
<TestRun id="664d86ec-931f-4e78-afe9-0df4b18a5d5c" name="Benjamin@BENOCK-DESKTOP 2015-06-10 16:13:47" runUser="BENOCK-DESKTOP\Benjamin" xmlns="http://microsoft.com/schemas/VisualStudio/TeamTest/2010">
  <TestSettings name="Default Test Settings" id="ebb0b987-aa49-414b-8094-54a40ed91b80">
    <Deployment runDeploymentRoot="Benjamin_BENOCK-DESKTOP 2015-06-10 16_13_47">
      <DeploymentItem filename="C:\Users\Benjamin\Desktop\Practice\KLA_Calculator_2\packages\Microsoft.Net.Http.2.0.20710.0\lib\net40\System.Net.Http.dll" />
      <DeploymentItem filename="C:\Users\Benjamin\Desktop\Practice\KLA_Calculator_2\packages\Microsoft.AspNet.WebPages.2.0.20710.0\lib\net40\System.Web.WebPages.Razor.dll" />
      <DeploymentItem filename="C:\Users\Benjamin\Desktop\Practice\KLA_Calculator_2\packages\Microsoft.AspNet.WebPages.2.0.20710.0\lib\net40\System.Web.Helpers.dll" />
      <DeploymentItem filename="C:\Users\Benjamin\Desktop\Practice\KLA_Calculator_2\packages\Newtonsoft.Json.4.5.6\lib\net40\Newtonsoft.Json.dll" />
      <DeploymentItem filename="C:\Users\Benjamin\Desktop\Practice\KLA_Calculator_2\packages\Microsoft.Web.Infrastructure.1.0.0.0\lib\net40\Microsoft.Web.Infrastructure.dll" />
      <DeploymentItem filename="C:\Users\Benjamin\Desktop\Practice\KLA_Calculator_2\packages\Microsoft.AspNet.Mvc.4.0.20710.0\lib\net40\System.Web.Mvc.dll" />
      <DeploymentItem filename="C:\Users\Benjamin\Desktop\Practice\KLA_Calculator_2\packages\Microsoft.AspNet.Razor.2.0.20710.0\lib\net40\System.Web.Razor.dll" />
      <DeploymentItem filename="C:\Users\Benjamin\Desktop\Practice\KLA_Calculator_2\packages\Microsoft.AspNet.WebPages.2.0.20710.0\lib\net40\System.Web.WebPages.Deployment.dll" />
      <DeploymentItem filename="C:\Users\Benjamin\Desktop\Practice\KLA_Calculator_2\KLA_Calculator_2\bin\KLA_Calculator_2.dll" />
      <DeploymentItem filename="C:\Users\Benjamin\Desktop\Practice\KLA_Calculator_2\packages\Microsoft.Net.Http.2.0.20710.0\lib\net40\System.Net.Http.WebRequest.dll" />
      <DeploymentItem filename="C:\Users\Benjamin\Desktop\Practice\KLA_Calculator_2\packages\Microsoft.AspNet.WebPages.2.0.20710.0\lib\net40\System.Web.WebPages.dll" />
    </Deployment>
    <Execution>
      <TestTypeSpecific />
      <AgentRule name="Execution Agents">
      </AgentRule>
    </Execution>
  </TestSettings>
  <Times creation="2015-06-10T16:13:47.2715492-04:00" queuing="2015-06-10T16:13:47.6871835-04:00" start="2015-06-10T16:13:47.7154788-04:00" finish="2015-06-10T16:13:47.9405995-04:00" />
  <ResultSummary outcome="Completed">
    <Counters total="10" executed="10" passed="10" error="0" failed="0" timeout="0" aborted="0" inconclusive="0" passedButRunAborted="0" notRunnable="0" notExecuted="0" disconnected="0" warning="0" completed="0" inProgress="0" pending="0" />
  </ResultSummary>
  <TestDefinitions>
    <UnitTest name="moduloTest" storage="c:\users\benjamin\desktop\practice\kla_calculator_2\kla_calculator_2.tests\bin\debug\kla_calculator_2.tests.dll" id="f4bae019-4cf1-cac5-4017-1f84a66b5871">
      <Execution id="6ce3ef2b-0bf6-4e13-b96d-fbe849364c29" />
      <TestMethod codeBase="C:/Users/Benjamin/Desktop/Practice/KLA_Calculator_2/KLA_Calculator_2.Tests/bin/Debug/KLA_Calculator_2.Tests.DLL" adapterTypeName="Microsoft.VisualStudio.TestTools.TestTypes.Unit.UnitTestAdapter, Microsoft.VisualStudio.QualityTools.Tips.UnitTest.Adapter, Version=10.0.0.0, Culture=neutral, PublicKeyToken=b03f5f7f11d50a3a" className="KLA_Calculator_2.Tests.SimpleCalcTests, KLA_Calculator_2.Tests, Version=1.0.0.0, Culture=neutral, PublicKeyToken=null" name="moduloTest" />
    </UnitTest>
    <UnitTest name="orderOfOps_AddMultAdd_Test" storage="c:\users\benjamin\desktop\practice\kla_calculator_2\kla_calculator_2.tests\bin\debug\kla_calculator_2.tests.dll" id="a55d90ed-c047-09f1-b0db-812941234d63">
      <Execution id="ea407fce-4cb9-43ce-8eb3-57d441741a2c" />
      <TestMethod codeBase="C:/Users/Benjamin/Desktop/Practice/KLA_Calculator_2/KLA_Calculator_2.Tests/bin/Debug/KLA_Calculator_2.Tests.DLL" adapterTypeName="Microsoft.VisualStudio.TestTools.TestTypes.Unit.UnitTestAdapter, Microsoft.VisualStudio.QualityTools.Tips.UnitTest.Adapter, Version=10.0.0.0, Culture=neutral, PublicKeyToken=b03f5f7f11d50a3a" className="KLA_Calculator_2.Tests.SimpleCalcTests, KLA_Calculator_2.Tests, Version=1.0.0.0, Culture=neutral, PublicKeyToken=null" name="orderOfOps_AddMultAdd_Test" />
    </UnitTest>
    <UnitTest name="negativeTest" storage="c:\users\benjamin\desktop\practice\kla_calculator_2\kla_calculator_2.tests\bin\debug\kla_calculator_2.tests.dll" id="9b23fc41-03e5-d951-971d-e13a4e0ce599">
      <Execution id="fc710db9-bd91-4103-9ed9-047b2e48c8f4" />
      <TestMethod codeBase="C:/Users/Benjamin/Desktop/Practice/KLA_Calculator_2/KLA_Calculator_2.Tests/bin/Debug/KLA_Calculator_2.Tests.DLL" adapterTypeName="Microsoft.VisualStudio.TestTools.TestTypes.Unit.UnitTestAdapter, Microsoft.VisualStudio.QualityTools.Tips.UnitTest.Adapter, Version=10.0.0.0, Culture=neutral, PublicKeyToken=b03f5f7f11d50a3a" className="KLA_Calculator_2.Tests.SimpleCalcTests, KLA_Calculator_2.Tests, Version=1.0.0.0, Culture=neutral, PublicKeyToken=null" name="negativeTest" />
    </UnitTest>
    <UnitTest name="additionTest" storage="c:\users\benjamin\desktop\practice\kla_calculator_2\kla_calculator_2.tests\bin\debug\kla_calculator_2.tests.dll" id="619da6f8-240e-7430-4eb6-82f4d7f6536a">
      <Execution id="a8e6cca8-d43a-4baf-b7eb-1293fa5546b4" />
      <TestMethod codeBase="C:/Users/Benjamin/Desktop/Practice/KLA_Calculator_2/KLA_Calculator_2.Tests/bin/Debug/KLA_Calculator_2.Tests.DLL" adapterTypeName="Microsoft.VisualStudio.TestTools.TestTypes.Unit.UnitTestAdapter, Microsoft.VisualStudio.QualityTools.Tips.UnitTest.Adapter, Version=10.0.0.0, Culture=neutral, PublicKeyToken=b03f5f7f11d50a3a" className="KLA_Calculator_2.Tests.SimpleCalcTests, KLA_Calculator_2.Tests, Version=1.0.0.0, Culture=neutral, PublicKeyToken=null" name="additionTest" />
    </UnitTest>
    <UnitTest name="orderOfOps_AddMultMult_Test" storage="c:\users\benjamin\desktop\practice\kla_calculator_2\kla_calculator_2.tests\bin\debug\kla_calculator_2.tests.dll" id="208aeffa-83e3-b0d9-4958-74098988f542">
      <Execution id="fcc417c1-7a03-4390-9848-c2f98270085f" />
      <TestMethod codeBase="C:/Users/Benjamin/Desktop/Practice/KLA_Calculator_2/KLA_Calculator_2.Tests/bin/Debug/KLA_Calculator_2.Tests.DLL" adapterTypeName="Microsoft.VisualStudio.TestTools.TestTypes.Unit.UnitTestAdapter, Microsoft.VisualStudio.QualityTools.Tips.UnitTest.Adapter, Version=10.0.0.0, Culture=neutral, PublicKeyToken=b03f5f7f11d50a3a" className="KLA_Calculator_2.Tests.SimpleCalcTests, KLA_Calculator_2.Tests, Version=1.0.0.0, Culture=neutral, PublicKeyToken=null" name="orderOfOps_AddMultMult_Test" />
    </UnitTest>
    <UnitTest name="subtractionTest" storage="c:\users\benjamin\desktop\practice\kla_calculator_2\kla_calculator_2.tests\bin\debug\kla_calculator_2.tests.dll" id="3c2b20c6-2bf9-7af4-23a7-7de092d2bc38">
      <Execution id="952f6ac3-4c21-4e72-a888-3a5ce9d4fc3f" />
      <TestMethod codeBase="C:/Users/Benjamin/Desktop/Practice/KLA_Calculator_2/KLA_Calculator_2.Tests/bin/Debug/KLA_Calculator_2.Tests.DLL" adapterTypeName="Microsoft.VisualStudio.TestTools.TestTypes.Unit.UnitTestAdapter, Microsoft.VisualStudio.QualityTools.Tips.UnitTest.Adapter, Version=10.0.0.0, Culture=neutral, PublicKeyToken=b03f5f7f11d50a3a" className="KLA_Calculator_2.Tests.SimpleCalcTests, KLA_Calculator_2.Tests, Version=1.0.0.0, Culture=neutral, PublicKeyToken=null" name="subtractionTest" />
    </UnitTest>
    <UnitTest name="orderOfOps_AddMultMultAdd_Test" storage="c:\users\benjamin\desktop\practice\kla_calculator_2\kla_calculator_2.tests\bin\debug\kla_calculator_2.tests.dll" id="acd99fce-890b-c6f9-0f9c-e59ff7a80ebf">
      <Execution id="3df9ffca-380c-4a53-b353-401ecc6858db" />
      <TestMethod codeBase="C:/Users/Benjamin/Desktop/Practice/KLA_Calculator_2/KLA_Calculator_2.Tests/bin/Debug/KLA_Calculator_2.Tests.DLL" adapterTypeName="Microsoft.VisualStudio.TestTools.TestTypes.Unit.UnitTestAdapter, Microsoft.VisualStudio.QualityTools.Tips.UnitTest.Adapter, Version=10.0.0.0, Culture=neutral, PublicKeyToken=b03f5f7f11d50a3a" className="KLA_Calculator_2.Tests.SimpleCalcTests, KLA_Calculator_2.Tests, Version=1.0.0.0, Culture=neutral, PublicKeyToken=null" name="orderOfOps_AddMultMultAdd_Test" />
    </UnitTest>
    <UnitTest name="multiplicationTest" storage="c:\users\benjamin\desktop\practice\kla_calculator_2\kla_calculator_2.tests\bin\debug\kla_calculator_2.tests.dll" id="d7245604-374a-2b15-93ab-7a9c7e828ab5">
      <Execution id="9ed436da-5ec4-4491-ba98-9493d33741df" />
      <TestMethod codeBase="C:/Users/Benjamin/Desktop/Practice/KLA_Calculator_2/KLA_Calculator_2.Tests/bin/Debug/KLA_Calculator_2.Tests.DLL" adapterTypeName="Microsoft.VisualStudio.TestTools.TestTypes.Unit.UnitTestAdapter, Microsoft.VisualStudio.QualityTools.Tips.UnitTest.Adapter, Version=10.0.0.0, Culture=neutral, PublicKeyToken=b03f5f7f11d50a3a" className="KLA_Calculator_2.Tests.SimpleCalcTests, KLA_Calculator_2.Tests, Version=1.0.0.0, Culture=neutral, PublicKeyToken=null" name="multiplicationTest" />
    </UnitTest>
    <UnitTest name="divisionTest" storage="c:\users\benjamin\desktop\practice\kla_calculator_2\kla_calculator_2.tests\bin\debug\kla_calculator_2.tests.dll" id="7adee7c3-6e7c-f71f-f8d1-24475315cd37">
      <Execution id="903b4ed2-7701-4ac9-a886-648b3835c319" />
      <TestMethod codeBase="C:/Users/Benjamin/Desktop/Practice/KLA_Calculator_2/KLA_Calculator_2.Tests/bin/Debug/KLA_Calculator_2.Tests.DLL" adapterTypeName="Microsoft.VisualStudio.TestTools.TestTypes.Unit.UnitTestAdapter, Microsoft.VisualStudio.QualityTools.Tips.UnitTest.Adapter, Version=10.0.0.0, Culture=neutral, PublicKeyToken=b03f5f7f11d50a3a" className="KLA_Calculator_2.Tests.SimpleCalcTests, KLA_Calculator_2.Tests, Version=1.0.0.0, Culture=neutral, PublicKeyToken=null" name="divisionTest" />
    </UnitTest>
    <UnitTest name="orderOfOps_AddMult_Test" storage="c:\users\benjamin\desktop\practice\kla_calculator_2\kla_calculator_2.tests\bin\debug\kla_calculator_2.tests.dll" id="4fabc703-15fd-9e4a-61ad-a57be6e747c5">
      <Execution id="331633bd-3195-4211-82d5-555f1944256a" />
      <TestMethod codeBase="C:/Users/Benjamin/Desktop/Practice/KLA_Calculator_2/KLA_Calculator_2.Tests/bin/Debug/KLA_Calculator_2.Tests.DLL" adapterTypeName="Microsoft.VisualStudio.TestTools.TestTypes.Unit.UnitTestAdapter, Microsoft.VisualStudio.QualityTools.Tips.UnitTest.Adapter, Version=10.0.0.0, Culture=neutral, PublicKeyToken=b03f5f7f11d50a3a" className="KLA_Calculator_2.Tests.SimpleCalcTests, KLA_Calculator_2.Tests, Version=1.0.0.0, Culture=neutral, PublicKeyToken=null" name="orderOfOps_AddMult_Test" />
    </UnitTest>
  </TestDefinitions>
  <TestLists>
    <TestList name="Results Not in a List" id="8c84fa94-04c1-424b-9868-57a2d4851a1d" />
    <TestList name="All Loaded Results" id="19431567-8539-422a-85d7-44ee4e166bda" />
  </TestLists>
  <TestEntries>
    <TestEntry testId="208aeffa-83e3-b0d9-4958-74098988f542" executionId="fcc417c1-7a03-4390-9848-c2f98270085f" testListId="8c84fa94-04c1-424b-9868-57a2d4851a1d" />
    <TestEntry testId="3c2b20c6-2bf9-7af4-23a7-7de092d2bc38" executionId="952f6ac3-4c21-4e72-a888-3a5ce9d4fc3f" testListId="8c84fa94-04c1-424b-9868-57a2d4851a1d" />
    <TestEntry testId="4fabc703-15fd-9e4a-61ad-a57be6e747c5" executionId="331633bd-3195-4211-82d5-555f1944256a" testListId="8c84fa94-04c1-424b-9868-57a2d4851a1d" />
    <TestEntry testId="619da6f8-240e-7430-4eb6-82f4d7f6536a" executionId="a8e6cca8-d43a-4baf-b7eb-1293fa5546b4" testListId="8c84fa94-04c1-424b-9868-57a2d4851a1d" />
    <TestEntry testId="7adee7c3-6e7c-f71f-f8d1-24475315cd37" executionId="903b4ed2-7701-4ac9-a886-648b3835c319" testListId="8c84fa94-04c1-424b-9868-57a2d4851a1d" />
    <TestEntry testId="9b23fc41-03e5-d951-971d-e13a4e0ce599" executionId="fc710db9-bd91-4103-9ed9-047b2e48c8f4" testListId="8c84fa94-04c1-424b-9868-57a2d4851a1d" />
    <TestEntry testId="a55d90ed-c047-09f1-b0db-812941234d63" executionId="ea407fce-4cb9-43ce-8eb3-57d441741a2c" testListId="8c84fa94-04c1-424b-9868-57a2d4851a1d" />
    <TestEntry testId="acd99fce-890b-c6f9-0f9c-e59ff7a80ebf" executionId="3df9ffca-380c-4a53-b353-401ecc6858db" testListId="8c84fa94-04c1-424b-9868-57a2d4851a1d" />
    <TestEntry testId="d7245604-374a-2b15-93ab-7a9c7e828ab5" executionId="9ed436da-5ec4-4491-ba98-9493d33741df" testListId="8c84fa94-04c1-424b-9868-57a2d4851a1d" />
    <TestEntry testId="f4bae019-4cf1-cac5-4017-1f84a66b5871" executionId="6ce3ef2b-0bf6-4e13-b96d-fbe849364c29" testListId="8c84fa94-04c1-424b-9868-57a2d4851a1d" />
  </TestEntries>
  <Results>
    <UnitTestResult executionId="fcc417c1-7a03-4390-9848-c2f98270085f" testId="208aeffa-83e3-b0d9-4958-74098988f542" testName="orderOfOps_AddMultMult_Test" computerName="BENOCK-DESKTOP" duration="00:00:00.0207509" startTime="2015-06-10T16:13:47.7204834-04:00" endTime="2015-06-10T16:13:47.8915529-04:00" testType="13cdc9d9-ddb5-4fa4-a97d-d965ccfc6d4b" outcome="Passed" testListId="8c84fa94-04c1-424b-9868-57a2d4851a1d" relativeResultsDirectory="fcc417c1-7a03-4390-9848-c2f98270085f">
    </UnitTestResult>
    <UnitTestResult executionId="952f6ac3-4c21-4e72-a888-3a5ce9d4fc3f" testId="3c2b20c6-2bf9-7af4-23a7-7de092d2bc38" testName="subtractionTest" computerName="BENOCK-DESKTOP" duration="00:00:00.0001683" startTime="2015-06-10T16:13:47.8915529-04:00" endTime="2015-06-10T16:13:47.8935548-04:00" testType="13cdc9d9-ddb5-4fa4-a97d-d965ccfc6d4b" outcome="Passed" testListId="8c84fa94-04c1-424b-9868-57a2d4851a1d" relativeResultsDirectory="952f6ac3-4c21-4e72-a888-3a5ce9d4fc3f">
    </UnitTestResult>
    <UnitTestResult executionId="331633bd-3195-4211-82d5-555f1944256a" testId="4fabc703-15fd-9e4a-61ad-a57be6e747c5" testName="orderOfOps_AddMult_Test" computerName="BENOCK-DESKTOP" duration="00:00:00.0001460" startTime="2015-06-10T16:13:47.8945559-04:00" endTime="2015-06-10T16:13:47.8965584-04:00" testType="13cdc9d9-ddb5-4fa4-a97d-d965ccfc6d4b" outcome="Passed" testListId="8c84fa94-04c1-424b-9868-57a2d4851a1d" relativeResultsDirectory="331633bd-3195-4211-82d5-555f1944256a">
    </UnitTestResult>
    <UnitTestResult executionId="a8e6cca8-d43a-4baf-b7eb-1293fa5546b4" testId="619da6f8-240e-7430-4eb6-82f4d7f6536a" testName="additionTest" computerName="BENOCK-DESKTOP" duration="00:00:00.0001442" startTime="2015-06-10T16:13:47.8965584-04:00" endTime="2015-06-10T16:13:47.8985658-04:00" testType="13cdc9d9-ddb5-4fa4-a97d-d965ccfc6d4b" outcome="Passed" testListId="8c84fa94-04c1-424b-9868-57a2d4851a1d" relativeResultsDirectory="a8e6cca8-d43a-4baf-b7eb-1293fa5546b4">
    </UnitTestResult>
    <UnitTestResult executionId="903b4ed2-7701-4ac9-a886-648b3835c319" testId="7adee7c3-6e7c-f71f-f8d1-24475315cd37" testName="divisionTest" computerName="BENOCK-DESKTOP" duration="00:00:00.0001523" startTime="2015-06-10T16:13:47.8985658-04:00" endTime="2015-06-10T16:13:47.9005613-04:00" testType="13cdc9d9-ddb5-4fa4-a97d-d965ccfc6d4b" outcome="Passed" testListId="8c84fa94-04c1-424b-9868-57a2d4851a1d" relativeResultsDirectory="903b4ed2-7701-4ac9-a886-648b3835c319">
    </UnitTestResult>
    <UnitTestResult executionId="fc710db9-bd91-4103-9ed9-047b2e48c8f4" testId="9b23fc41-03e5-d951-971d-e13a4e0ce599" testName="negativeTest" computerName="BENOCK-DESKTOP" duration="00:00:00.0001683" startTime="2015-06-10T16:13:47.9015625-04:00" endTime="2015-06-10T16:13:47.9025636-04:00" testType="13cdc9d9-ddb5-4fa4-a97d-d965ccfc6d4b" outcome="Passed" testListId="8c84fa94-04c1-424b-9868-57a2d4851a1d" relativeResultsDirectory="fc710db9-bd91-4103-9ed9-047b2e48c8f4">
    </UnitTestResult>
    <UnitTestResult executionId="ea407fce-4cb9-43ce-8eb3-57d441741a2c" testId="a55d90ed-c047-09f1-b0db-812941234d63" testName="orderOfOps_AddMultAdd_Test" computerName="BENOCK-DESKTOP" duration="00:00:00.0001511" startTime="2015-06-10T16:13:47.9035641-04:00" endTime="2015-06-10T16:13:47.9045652-04:00" testType="13cdc9d9-ddb5-4fa4-a97d-d965ccfc6d4b" outcome="Passed" testListId="8c84fa94-04c1-424b-9868-57a2d4851a1d" relativeResultsDirectory="ea407fce-4cb9-43ce-8eb3-57d441741a2c">
    </UnitTestResult>
    <UnitTestResult executionId="3df9ffca-380c-4a53-b353-401ecc6858db" testId="acd99fce-890b-c6f9-0f9c-e59ff7a80ebf" testName="orderOfOps_AddMultMultAdd_Test" computerName="BENOCK-DESKTOP" duration="00:00:00.0001641" startTime="2015-06-10T16:13:47.9055663-04:00" endTime="2015-06-10T16:13:47.9065674-04:00" testType="13cdc9d9-ddb5-4fa4-a97d-d965ccfc6d4b" outcome="Passed" testListId="8c84fa94-04c1-424b-9868-57a2d4851a1d" relativeResultsDirectory="3df9ffca-380c-4a53-b353-401ecc6858db">
    </UnitTestResult>
    <UnitTestResult executionId="9ed436da-5ec4-4491-ba98-9493d33741df" testId="d7245604-374a-2b15-93ab-7a9c7e828ab5" testName="multiplicationTest" computerName="BENOCK-DESKTOP" duration="00:00:00.0002159" startTime="2015-06-10T16:13:47.9075682-04:00" endTime="2015-06-10T16:13:47.9095854-04:00" testType="13cdc9d9-ddb5-4fa4-a97d-d965ccfc6d4b" outcome="Passed" testListId="8c84fa94-04c1-424b-9868-57a2d4851a1d" relativeResultsDirectory="9ed436da-5ec4-4491-ba98-9493d33741df">
    </UnitTestResult>
    <UnitTestResult executionId="6ce3ef2b-0bf6-4e13-b96d-fbe849364c29" testId="f4bae019-4cf1-cac5-4017-1f84a66b5871" testName="moduloTest" computerName="BENOCK-DESKTOP" duration="00:00:00.0001397" startTime="2015-06-10T16:13:47.9105712-04:00" endTime="2015-06-10T16:13:47.9115729-04:00" testType="13cdc9d9-ddb5-4fa4-a97d-d965ccfc6d4b" outcome="Passed" testListId="8c84fa94-04c1-424b-9868-57a2d4851a1d" relativeResultsDirectory="6ce3ef2b-0bf6-4e13-b96d-fbe849364c29">
    </UnitTestResult>
  </Results>
</TestRun>